const vmt_A
 :A.run
 :A.helper


func Main()
 t.0 = HeapAllocZ(4)
 [t.0] = :vmt_A
 if t.0 goto :null0
  Error("null pointer")
 null0:
 t.1 = [t.0]
 t.1 = [t.1+0]
 t.2 = call t.1(t.0)
 PrintIntS(t.2)
 ret 

func A.run(this)
 if this goto :null1
  Error("null pointer")
 null1:
 t.0 = [this]
 t.0 = [t.0+4]
 t.1 = call t.0(this 12)
 a = t.1
 if this goto :null2
  Error("null pointer")
 null2:
 t.2 = [this]
 t.2 = [t.2+4]
 t.3 = call t.2(this 15)
 b = t.3
 t.4 = Add(a b)
 ret t.4

func A.helper(this param)
 x = param
 t.0 = Add(param 1)
 param = t.0
 PrintIntS(x)
 ret x

