const vmt_Fac
 :Fac.ComputeFac


func Main()
 t.0 = HeapAllocZ(4)
 [t.0] = :vmt_Fac
 if t.0 goto :null0
  Error("null pointer")
 null0:
 t.1 = [t.0]
 t.1 = [t.1+0]
 t.2 = call t.1(t.0 10)
 PrintIntS(t.2)
 ret 

func Fac.ComputeFac(this num)
 t.0 = LtS(num 1)
 if0 t.0 goto :if0_else
  num_aux = 1
  goto :if0_end
 if0_else:
  t.1 = Sub(num 1)
  if this goto :null1
   Error("null pointer")
  null1:
  t.2 = [this]
  t.2 = [t.2+0]
  t.3 = call t.2(this t.1)
  t.4 = MulS(num t.3)
  num_aux = t.4
 if0_end:
 ret num_aux

